Requirement already satisfied: fastapi>=0.110 in c:\users\kurtw\appdata\local\python\pythoncore-3.12-64\lib\site-packages (from -r C:\Users\kurtw\Soul_Core\BrowserCaptureBridge\requirements.txt (line 1)) (0.141.1)
Requirement already satisfied: uvicorn>=0.27 in c:\users\kurtw\appdata\local\python\pythoncore-3.12-64\lib\site-packages (from uvicorn[standard]>=0.27->-r C:\Users\kurtw\Soul_Core\BrowserCaptureBridge\requirements.txt (line 2)) (0.52.3)
Requirement already satisfied: pydantic>=2.0 in c:\users\kurtw\appdata\local\python\pythoncore-3.12-64\lib\site-packages (from -r C:\Users\kurtw\Soul_Core\BrowserCaptureBridge\requirements.txt (line 3)) (2.13.4)
Requirement already satisfied: starlette>=0.46.0 in c:\users\kurtw\appdata\local\python\pythoncore-3.12-64\lib\site-packages (from fastapi>=0.110->-r C:\Users\kurtw\Soul_Core\BrowserCaptureBridge\requirements.txt (line 1)) (1.6.0)
Requirement already satisfied: typing-extensions>=4.8.0 in c:\users\kurtw\appdata\local\python\pythoncore-3.12-64\lib\site-packages (from fastapi>=0.110->-r C:\Users\kurtw\Soul_Core\BrowserCaptureBridge\requirements.txt (line 1)) (4.16.0)
Requirement already satisfied: typing-inspection>=0.4.2 in c:\users\kurtw\appdata\local\python\pythoncore-3.12-64\lib\site-packages (from fastapi>=0.110->-r C:\Users\kurtw\Soul_Core\BrowserCaptureBridge\requirements.txt (line 1)) (0.4.4)
Requirement already satisfied: annotated-doc>=0.0.2 in c:\users\kurtw\appdata\local\python\pythoncore-3.12-64\lib\site-packages (from fastapi>=0.110->-r C:\Users\kurtw\Soul_Core\BrowserCaptureBridge\requirements.txt (line 1)) (0.0.5)
Requirement already satisfied: click>=7.0 in c:\users\kurtw\appdata\local\python\pythoncore-3.12-64\lib\site-packages (from uvicorn>=0.27->uvicorn[standard]>=0.27->-r C:\Users\kurtw\Soul_Core\BrowserCaptureBridge\requirements.txt (line 2)) (8.4.2)
Requirement already satisfied: h11>=0.8 in c:\users\kurtw\appdata\local\python\pythoncore-3.12-64\lib\site-packages (from uvicorn>=0.27->uvicorn[standard]>=0.27->-r C:\Users\kurtw\Soul_Core\BrowserCaptureBridge\requirements.txt (line 2)) (0.16.0)
Requirement already satisfied: annotated-types>=0.6.0 in c:\users\kurtw\appdata\local\python\pythoncore-3.12-64\lib\site-packages (from pydantic>=2.0->-r C:\Users\kurtw\Soul_Core\BrowserCaptureBridge\requirements.txt (line 3)) (0.8.0)
Requirement already satisfied: pydantic-core==2.46.4 in c:\users\kurtw\appdata\local\python\pythoncore-3.12-64\lib\site-packages (from pydantic>=2.0->-r C:\Users\kurtw\Soul_Core\BrowserCaptureBridge\requirements.txt (line 3)) (2.46.4)
Requirement already satisfied: httptools>=0.8.0 in c:\users\kurtw\appdata\local\python\pythoncore-3.12-64\lib\site-packages (from uvicorn[standard]>=0.27->-r C:\Users\kurtw\Soul_Core\BrowserCaptureBridge\requirements.txt (line 2)) (0.8.0)
Requirement already satisfied: python-dotenv>=0.13 in c:\users\kurtw\appdata\local\python\pythoncore-3.12-64\lib\site-packages (from uvicorn[standard]>=0.27->-r C:\Users\kurtw\Soul_Core\BrowserCaptureBridge\requirements.txt (line 2)) (1.2.2)
Requirement already satisfied: pyyaml>=5.1 in c:\users\kurtw\appdata\local\python\pythoncore-3.12-64\lib\site-packages (from uvicorn[standard]>=0.27->-r C:\Users\kurtw\Soul_Core\BrowserCaptureBridge\requirements.txt (line 2)) (6.0.3)
Requirement already satisfied: watchfiles>=0.20 in c:\users\kurtw\appdata\local\python\pythoncore-3.12-64\lib\site-packages (from uvicorn[standard]>=0.27->-r C:\Users\kurtw\Soul_Core\BrowserCaptureBridge\requirements.txt (line 2)) (1.2.0)
Requirement already satisfied: websockets>=13.0 in c:\users\kurtw\appdata\local\python\pythoncore-3.12-64\lib\site-packages (from uvicorn[standard]>=0.27->-r C:\Users\kurtw\Soul_Core\BrowserCaptureBridge\requirements.txt (line 2)) (17.0.1)
Requirement already satisfied: colorama in c:\users\kurtw\appdata\local\python\pythoncore-3.12-64\lib\site-packages (from click>=7.0->uvicorn>=0.27->uvicorn[standard]>=0.27->-r C:\Users\kurtw\Soul_Core\BrowserCaptureBridge\requirements.txt (line 2)) (0.4.6)
Requirement already satisfied: anyio<5,>=3.6.2 in c:\users\kurtw\appdata\local\python\pythoncore-3.12-64\lib\site-packages (from starlette>=0.46.0->fastapi>=0.110->-r C:\Users\kurtw\Soul_Core\BrowserCaptureBridge\requirements.txt (line 1)) (4.14.2)
Requirement already satisfied: idna>=2.8 in c:\users\kurtw\appdata\local\python\pythoncore-3.12-64\lib\site-packages (from anyio<5,>=3.6.2->starlette>=0.46.0->fastapi>=0.110->-r C:\Users\kurtw\Soul_Core\BrowserCaptureBridge\requirements.txt (line 1)) (3.18)

[notice] A new release of pip is available: 25.0.1 -> 26.2.1
[notice] To update, run: C:\Users\kurtw\AppData\Local\Python\pythoncore-3.12-64\python.exe -m pip install --upgrade pip
