
[2026-07-24T04:35:04.0953584+00:00] health pre-reprobe: active=1 sloExceeded=False
[2026-07-24T04:35:04.1211230+00:00] preemptive ack: {"acked":1}
[2026-07-24T04:35:05.1357135+00:00] health after preemptive ack: active=0 sloExceeded=False
[2026-07-24T04:35:05.1440625+00:00] log lines before=95
[2026-07-24T04:35:05.1654564+00:00] SENT: {"payload":{"text":"please move forward","sessionId":"qa105-loco-reprobe"},"type":"chat.send","id":"e8ffb883a010401a96ec52ae53738e9a","v":1,"ts":"2026-07-24T04:35:05.1604231+00:00"}
[2026-07-24T04:35:07.8138463+00:00] RX chat.done
[2026-07-24T04:35:07.8154023+00:00] Holding WS open 8s after chat.done for loco side-effect...
[2026-07-24T04:35:16.8444004+00:00] chatDone=True
[2026-07-24T04:35:16.8474251+00:00] loco lines=1
[2026-07-24T04:35:16.8474251+00:00] LOG:       Unreal loco intent dispatched: forward=50 right=0 up=0 (from chat text)
[2026-07-24T04:35:16.8489396+00:00] softWarn lines=0
[2026-07-24T04:35:16.8489396+00:00] --- last 20 host log ---
[2026-07-24T04:35:16.8622955+00:00]            at System.Net.Http.HttpConnectionPool.SendWithVersionDetectionAndRetryAsync(HttpRequestMessage request, Boolean async, Boolean doRequestAuth, CancellationToken cancellationToken)
[2026-07-24T04:35:16.8628050+00:00]            at System.Net.Http.DiagnosticsHandler.SendAsyncCore(HttpRequestMessage request, Boolean async, CancellationToken cancellationToken)
[2026-07-24T04:35:16.8628050+00:00]            at System.Net.Http.RedirectHandler.SendAsync(HttpRequestMessage request, Boolean async, CancellationToken cancellationToken)
[2026-07-24T04:35:16.8643132+00:00]            at System.Net.WebSockets.WebSocketHandle.ConnectAsync(Uri uri, HttpMessageInvoker invoker, CancellationToken cancellationToken, ClientWebSocketOptions options)
[2026-07-24T04:35:16.8653171+00:00]            at System.Net.WebSockets.ClientWebSocket.ConnectAsyncCore(Uri uri, HttpMessageInvoker invoker, CancellationToken cancellationToken)
[2026-07-24T04:35:16.8658210+00:00]            at SoulCore.Adapters.Ws.UnrealVerbClientStub.EnsureConnectedAsync(CancellationToken cancellationToken) in C:\Users\kurtw\Soul_Core\SoulCore\SoulCore.Adapters.Ws\UnrealVerbClientStub.cs:line 62
[2026-07-24T04:35:16.8670739+00:00]   warn: SoulCore.Adapters.Ws.UnrealVerbClientStub[0]
[2026-07-24T04:35:16.8670739+00:00]         Unreal WS unavailable at ws://127.0.0.1:8888 - verbs will no-op until UE is up (Host continues)
[2026-07-24T04:35:16.8690959+00:00]         System.Threading.Tasks.TaskCanceledException: A task was canceled.
[2026-07-24T04:35:16.8696057+00:00]            at System.Threading.Tasks.TaskCompletionSourceWithCancellation`1.WaitWithCancellationAsync(CancellationToken cancellationToken)
[2026-07-24T04:35:16.8696057+00:00]            at System.Net.Http.HttpConnectionPool.SendWithVersionDetectionAndRetryAsync(HttpRequestMessage request, Boolean async, Boolean doRequestAuth, CancellationToken cancellationToken)
[2026-07-24T04:35:16.8711166+00:00]            at System.Net.Http.DiagnosticsHandler.SendAsyncCore(HttpRequestMessage request, Boolean async, CancellationToken cancellationToken)
[2026-07-24T04:35:16.8721204+00:00]            at System.Net.Http.RedirectHandler.SendAsync(HttpRequestMessage request, Boolean async, CancellationToken cancellationToken)
[2026-07-24T04:35:16.8726246+00:00]            at System.Net.WebSockets.WebSocketHandle.ConnectAsync(Uri uri, HttpMessageInvoker invoker, CancellationToken cancellationToken, ClientWebSocketOptions options)
[2026-07-24T04:35:16.8726246+00:00]            at System.Net.WebSockets.ClientWebSocket.ConnectAsyncCore(Uri uri, HttpMessageInvoker invoker, CancellationToken cancellationToken)
[2026-07-24T04:35:16.8746446+00:00]            at SoulCore.Adapters.Ws.UnrealVerbClientStub.EnsureConnectedAsync(CancellationToken cancellationToken) in C:\Users\kurtw\Soul_Core\SoulCore\SoulCore.Adapters.Ws\UnrealVerbClientStub.cs:line 62
[2026-07-24T04:35:16.8751569+00:00]   info: SoulCore.Host.Ws.ChatWebSocketHandler[0]
[2026-07-24T04:35:16.8766650+00:00]         Unreal loco intent dispatched: forward=50 right=0 up=0 (from chat text)
[2026-07-24T04:35:16.8766650+00:00]   info: SoulCore.Host.Ws.ChatWebSocketHandler[0]
[2026-07-24T04:35:16.8781724+00:00]         WS session 4666bd29-7f8f-4ce4-aaa3-a516926166b7 closed
[2026-07-24T04:35:16.8791772+00:00] REPROBE loco-after-ack RESULT: True
