=== TASK-116 slowtask bake 2026-07-27T11:00:47.898167 ===
Agent target: radius=34.0 height=192.0
world=<Object '/Game/Home.Home' (0x0000014890EE0000) Class 'World'> nav=<Object '/Game/Home.Home:NavigationSystemV1_0' (0x000001495044A800) Class 'NavigationSystemV1'> locked=True actors=4793
Existing bounds: NavMeshBoundsVolume_UAID_BCFCE774C76530F202_1331549495 label=NavMeshBoundsVolume_HomeInterior loc=(-231.9,420.0,160.0) scale=(21.00,21.00,3.50)
Existing Recast: RecastNavMesh_UAID_BCFCE774C76533F202-Default
Recast agent_radius=34.0
Recast agent_height=192.0
Recast agent_max_slope=44.0
runtime_generation=<RuntimeGenerationType.STATIC: 0>
floor_trace blocking=False
Pumping 360 ScopedSlowTask frames; locked=True
nav interesting attrs (1): ['is_navigation_being_built_or_locked']
set nav_building_lock_flags: Exception
set nav_data_lock_flags: Exception
set building_lock_flags: Exception
set initial_building_locked -> False
set b_initial_building_locked: Exception
  pump i=10 locked=True unlock=
nav interesting attrs (1): ['is_navigation_being_built_or_locked']
set nav_building_lock_flags: Exception
set nav_data_lock_flags: Exception
set building_lock_flags: Exception
set initial_building_locked -> False
set b_initial_building_locked: Exception
  pump i=30 locked=True unlock=
nav interesting attrs (1): ['is_navigation_being_built_or_locked']
set nav_building_lock_flags: Exception
set nav_data_lock_flags: Exception
set building_lock_flags: Exception
set initial_building_locked -> False
set b_initial_building_locked: Exception
  pump i=60 locked=True unlock=
nav interesting attrs (1): ['is_navigation_being_built_or_locked']
set nav_building_lock_flags: Exception
set nav_data_lock_flags: Exception
set building_lock_flags: Exception
set initial_building_locked -> False
set b_initial_building_locked: Exception
  pump i=120 locked=True unlock=
nav interesting attrs (1): ['is_navigation_being_built_or_locked']
set nav_building_lock_flags: Exception
set nav_data_lock_flags: Exception
set building_lock_flags: Exception
set initial_building_locked -> False
set b_initial_building_locked: Exception
  pump i=180 locked=True unlock=
nav interesting attrs (1): ['is_navigation_being_built_or_locked']
set nav_building_lock_flags: Exception
set nav_data_lock_flags: Exception
set building_lock_flags: Exception
set initial_building_locked -> False
set b_initial_building_locked: Exception
  pump i=240 locked=True unlock=
nav interesting attrs (1): ['is_navigation_being_built_or_locked']
set nav_building_lock_flags: Exception
set nav_data_lock_flags: Exception
set building_lock_flags: Exception
set initial_building_locked -> False
set b_initial_building_locked: Exception
after_pump cleared=False method=pump_exhausted locked=True
on_navigation_bounds_updated ok
--- rebuild attempt 1 locked=True ---
nav interesting attrs (1): ['is_navigation_being_built_or_locked']
set nav_building_lock_flags: Exception
set nav_data_lock_flags: Exception
set building_lock_flags: Exception
set initial_building_locked -> False
set b_initial_building_locked: Exception
RebuildNavigation issued
project -> None
random_location -> None
probe path_ok=False points=0 dz=5.0 dx=100.0 proj=False any=False
--- rebuild attempt 2 locked=True ---
nav interesting attrs (1): ['is_navigation_being_built_or_locked']
set nav_building_lock_flags: Exception
set nav_data_lock_flags: Exception
set building_lock_flags: Exception
set initial_building_locked -> False
set b_initial_building_locked: Exception
RebuildNavigation issued
project -> None
random_location -> None
probe path_ok=False points=0 dz=5.0 dx=100.0 proj=False any=False
--- rebuild attempt 3 locked=True ---
nav interesting attrs (1): ['is_navigation_being_built_or_locked']
set nav_building_lock_flags: Exception
set nav_data_lock_flags: Exception
set building_lock_flags: Exception
set initial_building_locked -> False
set b_initial_building_locked: Exception
RebuildNavigation issued
project -> None
random_location -> None
probe path_ok=False points=0 dz=5.0 dx=100.0 proj=False any=False
--- rebuild attempt 4 locked=True ---
nav interesting attrs (1): ['is_navigation_being_built_or_locked']
set nav_building_lock_flags: Exception
set nav_data_lock_flags: Exception
set building_lock_flags: Exception
set initial_building_locked -> False
set b_initial_building_locked: Exception
RebuildNavigation issued
project -> None
random_location -> None
probe path_ok=False points=0 dz=5.0 dx=100.0 proj=False any=False
--- rebuild attempt 5 locked=True ---
nav interesting attrs (1): ['is_navigation_being_built_or_locked']
set nav_building_lock_flags: Exception
set nav_data_lock_flags: Exception
set building_lock_flags: Exception
set initial_building_locked -> False
set b_initial_building_locked: Exception
RebuildNavigation issued
project -> None
random_location -> None
probe path_ok=False points=0 dz=5.0 dx=100.0 proj=False any=False
--- rebuild attempt 6 locked=True ---
nav interesting attrs (1): ['is_navigation_being_built_or_locked']
set nav_building_lock_flags: Exception
set nav_data_lock_flags: Exception
set building_lock_flags: Exception
set initial_building_locked -> False
set b_initial_building_locked: Exception
RebuildNavigation issued
project -> None
random_location -> None
probe path_ok=False points=0 dz=5.0 dx=100.0 proj=False any=False
--- rebuild attempt 7 locked=True ---
nav interesting attrs (1): ['is_navigation_being_built_or_locked']
set nav_building_lock_flags: Exception
set nav_data_lock_flags: Exception
set building_lock_flags: Exception
set initial_building_locked -> False
set b_initial_building_locked: Exception
RebuildNavigation issued
project -> None
random_location -> None
probe path_ok=False points=0 dz=5.0 dx=100.0 proj=False any=False
saved dirty packages
verified agent r=34.0 h=192.0
=== SUMMARY ===
coverage=Victoria-centered interior box ~40m x 40m x 6m (clamped from full UEhouse AABB)
agent_radius=34.0 agent_height=192.0
unlock_method=pump_exhausted lock_cleared=False floor_hit=False
path_ok=False points=0 dz=5.0 dx=100.0 proj_ok=False any_nav=False
FINAL bounds=1 recast=1 agent_ok=True
RESULT: FAIL
